// Jest Snapshot v1, https://goo.gl/fbAQLP

exports[`ToDo renders correctly 1`] = `
<li>
  <p>
    roman
  </p>
  <button
    onClick={[Function]}
  >
    Complete
  </button>
  <button
    onClick={[Function]}
  >
    Remove
  </button>
</li>
`;
